Microchip MPLAB XC8 Compiler V1.45 ()

Linker command line:

-W-3 --edf=C:\Program Files (x86)\Microchip\xc8\v1.45\dat\en_msgs.txt -cs \
  -h+dist/default/production\mcpLib.X.production.sym \
  --cmf=dist/default/production\mcpLib.X.production.cmf -z -Q18F2620 \
  -oC:\Users\ANDRAQ~1\AppData\Local\Temp\sc28.2 \
  -Mdist/default/production/mcpLib.X.production.map -E1 -ver=XC8 \
  -ASTACK=080h-0b97h -pstack=STACK -ACODE=00h-0FFFFh -ACONST=00h-0FFFFh \
  -ASMALLCONST=01000h-010FFhx240 -AMEDIUMCONST=01000h-0FFFFh \
  -ACOMRAM=01h-07Fh -AABS1=00h-0F7Fh -ABIGRAM=01h-0F7Fh \
  -ARAM=080h-0FFh,0100h-01FFhx14,0F00h-0F7Fh -ABANK0=080h-0FFh \
  -ABANK1=0100h-01FFh -ABANK2=0200h-02FFh -ABANK3=0300h-03FFh \
  -ABANK4=0400h-04FFh -ABANK5=0500h-05FFh -ABANK6=0600h-06FFh \
  -ABANK7=0700h-07FFh -ABANK8=0800h-08FFh -ABANK9=0900h-09FFh \
  -ABANK10=0A00h-0AFFh -ABANK11=0B00h-0BFFh -ABANK12=0C00h-0CFFh \
  -ABANK13=0D00h-0DFFh -ABANK14=0E00h-0EFFh -ABANK15=0F00h-0F7Fh \
  -ASFR=0F80h-0FFFh -preset_vec=00h,intcode,intcodelo,powerup,init \
  -pramtop=01000h -psmallconst=SMALLCONST -pmediumconst=MEDIUMCONST \
  -pconst=CONST -AFARRAM=00h-00h -ACONFIG=0300000h-030000Dh -pconfig=CONFIG \
  -AIDLOC=0200000h-0200007h -pidloc=IDLOC -AEEDATA=0F00000h-0F003FFh \
  -peeprom_data=EEDATA \
  -prdata=COMRAM,nvrram=COMRAM,nvbit=COMRAM,rbss=COMRAM,rbit=COMRAM \
  -pfarbss=FARRAM,fardata=FARRAM,nvFARRAM=FARRAM \
  -pintsave_regs=BIGRAM,bigbss=BIGRAM,bigdata=BIGRAM -pbss=RAM \
  -pidata=CODE,irdata=CODE,ibigdata=CODE,ifardata=CODE -prparam=COMRAM \
  C:\Users\ANDRAQ~1\AppData\Local\Temp\sc28.obj \
  dist/default/production\mcpLib.X.production.obj 

Object code version is 3.11

Machine type is 18F2620

Call graph: (short form)




                Name                               Link     Load   Length Selector   Space Scale
C:\Users\ANDRAQ~1\AppData\Local\Temp\sc28.obj
                init                                  0        0        4        0       0
                idloc                            200000   200000        8   200000       0
                config                           300000   300000        E   300000       0
dist/default/production\mcpLib.X.production.obj
                smallconst                         1000     1000       32      800       0
                text12                             1032     1032      46E      819       0
                text11                             1994     1994       76      819       0
                text10                             16D2     16D2       CC      819       0
                text9                              15EA     15EA       E8      819       0
                text8                              1B22     1B22        4      819       0
                text7                              18FE     18FE       96      819       0
                text6                              1A5C     1A5C       4C      819       0
                text5                              1A0A     1A0A       52      819       0
                text4                              1AA8     1AA8       42      819       0
                text3                              1B16     1B16        C      819       0
                text2                              14A0     14A0      14A      819       0
                text1                              1858     1858       A6      819       0
                text0                              179E     179E       BA      819       0
                cstackCOMRAM                          1        1       1E        1       1
                bssBIGRAM                           B98      B98      3E8      B98       1
                bssCOMRAM                            1F       1F        7        1       1
                bitbssCOMRAM                        130       26        1        1       1     8
                cinit                              1AEA     1AEA       2C      819       0

TOTAL           Name                               Link     Load   Length     Space
        CLASS   STACK          

        CLASS   CODE           
                init                                  0        0        4         0
                text12                             1032     1032      46E         0
                text11                             1994     1994       76         0
                text10                             16D2     16D2       CC         0
                text9                              15EA     15EA       E8         0
                text8                              1B22     1B22        4         0
                text7                              18FE     18FE       96         0
                text6                              1A5C     1A5C       4C         0
                text5                              1A0A     1A0A       52         0
                text4                              1AA8     1AA8       42         0
                text3                              1B16     1B16        C         0
                text2                              14A0     14A0      14A         0
                text1                              1858     1858       A6         0
                text0                              179E     179E       BA         0
                cinit                              1AEA     1AEA       2C         0

        CLASS   CONST          

        CLASS   SMALLCONST     
                smallconst                         1000     1000       32         0

        CLASS   MEDIUMCONST    

        CLASS   COMRAM         
                cstackCOMRAM                          1        1       1E         1
                bssCOMRAM                            1F       1F        7         1
                bitbssCOMRAM                        130       26        1         1

        CLASS   ABS1           

        CLASS   BIGRAM         
                bssBIGRAM                           B98      B98      3E8         1

        CLASS   RAM            

        CLASS   BANK0          

        CLASS   BANK1          

        CLASS   BANK2          

        CLASS   BANK3          

        CLASS   BANK4          

        CLASS   BANK5          

        CLASS   BANK6          

        CLASS   BANK7          

        CLASS   BANK8          

        CLASS   BANK9          

        CLASS   BANK10         

        CLASS   BANK11         

        CLASS   BANK12         

        CLASS   BANK13         

        CLASS   BANK14         

        CLASS   BANK15         

        CLASS   SFR            

        CLASS   FARRAM         

        CLASS   CONFIG         
                config                           300000   300000        E         0

        CLASS   IDLOC          
                idloc                            200000   200000        8         0

        CLASS   EEDATA         



SEGMENTS        Name                           Load    Length   Top    Selector   Space  Class

                reset_vec                      000000  000004  000004         0       0  CODE    
                cstackCOMRAM                   000001  000026  000027         1       1  COMRAM  
                bssBIGRAM                      000B98  0003E8  000F80       B98       1  BIGRAM  
                smallconst                     001000  000032  001032       800       0  SMALLCON
                text12                         001032  000AF4  001B26       819       0  CODE    
                idloc                          200000  000008  200008    200000       0  IDLOC   
                config                         300000  00000E  30000E    300000       0  CONFIG  


UNUSED ADDRESS RANGES

        Name                Unused          Largest block    Delta
        BANK0            000080-0000FF               80
        BANK1            000100-0001FF              100
        BANK10           000A00-000AFF              100
        BANK11           000B00-000B97               98
        BANK2            000200-0002FF              100
        BANK3            000300-0003FF              100
        BANK4            000400-0004FF              100
        BANK5            000500-0005FF              100
        BANK6            000600-0006FF              100
        BANK7            000700-0007FF              100
        BANK8            000800-0008FF              100
        BANK9            000900-0009FF              100
        BIGRAM           000027-000B97              B71
        CODE             000004-000FFF              FFC
                         001B26-00FFFF             E4DA
        COMRAM           000027-00007F               59
        CONST            000004-000FFF              FFC
                         001B26-00FFFF             E4DA
        EEDATA           F00000-F003FF              400
        MEDIUMCONST      001B26-00FFFF             E4DA
        RAM              000080-000B97              100
        SFR              000F80-000FFF               80
        SMALLCONST       001B26-00FFFF              100
        STACK            000080-000B97              B18

                                  Symbol Table

?___aldiv                   cstackCOMRAM 000001
?___lwdiv                   cstackCOMRAM 000001
?___lwmod                   cstackCOMRAM 000008
?_printf                    cstackCOMRAM 00000D
_INTCON2bits                (abs)        000FF1
_PORTBbits                  (abs)        000F81
_PORTCbits                  (abs)        000F82
_RCIE                       (abs)        007CED
_RCSTA                      (abs)        000FAB
_SPBRG                      (abs)        000FAF
_TRISBbits                  (abs)        000F93
_TRISCbits                  (abs)        000F94
_TXIE                       (abs)        007CEC
_TXIF                       (abs)        007CF4
_TXREG                      (abs)        000FAD
_TXSTA                      (abs)        000FAC
_WDTCON                     (abs)        000FD1
__CFG_BOREN$OFF             (abs)        000000
__CFG_BORV$3                (abs)        000000
__CFG_CCP2MX$PORTC          (abs)        000000
__CFG_CP0$OFF               (abs)        000000
__CFG_CP1$OFF               (abs)        000000
__CFG_CP2$OFF               (abs)        000000
__CFG_CP3$OFF               (abs)        000000
__CFG_CPB$OFF               (abs)        000000
__CFG_CPD$OFF               (abs)        000000
__CFG_EBTR0$OFF             (abs)        000000
__CFG_EBTR1$OFF             (abs)        000000
__CFG_EBTR2$OFF             (abs)        000000
__CFG_EBTR3$OFF             (abs)        000000
__CFG_EBTRB$OFF             (abs)        000000
__CFG_FCMEN$OFF             (abs)        000000
__CFG_IESO$OFF              (abs)        000000
__CFG_LPT1OSC$OFF           (abs)        000000
__CFG_LVP$OFF               (abs)        000000
__CFG_MCLRE$ON              (abs)        000000
__CFG_OSC$HSPLL             (abs)        000000
__CFG_PBADEN$OFF            (abs)        000000
__CFG_PWRT$ON               (abs)        000000
__CFG_STVREN$ON             (abs)        000000
__CFG_WDT$OFF               (abs)        000000
__CFG_WDTPS$512             (abs)        000000
__CFG_WRT0$OFF              (abs)        000000
__CFG_WRT1$OFF              (abs)        000000
__CFG_WRT2$OFF              (abs)        000000
__CFG_WRT3$OFF              (abs)        000000
__CFG_WRTB$OFF              (abs)        000000
__CFG_WRTC$OFF              (abs)        000000
__CFG_WRTD$OFF              (abs)        000000
__CFG_XINST$OFF             (abs)        000000
__HRAM                      (abs)        000000
__Habs1                     abs1         000000
__Hbank0                    bank0        000000
__Hbank1                    bank1        000000
__Hbank10                   bank10       000000
__Hbank11                   bank11       000000
__Hbank12                   bank12       000000
__Hbank13                   bank13       000000
__Hbank14                   bank14       000000
__Hbank15                   bank15       000000
__Hbank2                    bank2        000000
__Hbank3                    bank3        000000
__Hbank4                    bank4        000000
__Hbank5                    bank5        000000
__Hbank6                    bank6        000000
__Hbank7                    bank7        000000
__Hbank8                    bank8        000000
__Hbank9                    bank9        000000
__Hbigbss                   bigbss       000000
__Hbigdata                  bigdata      000000
__Hbigram                   bigram       000000
__HbitbssCOMRAM             bitbssCOMRAM 000000
__Hbss                      bss          000000
__HbssBIGRAM                bssBIGRAM    000000
__HbssCOMRAM                bssCOMRAM    000000
__Hcinit                    cinit        000000
__Hclrtext                  clrtext      000000
__Hcomram                   comram       000000
__Hconfig                   config       30000E
__Hconst                    const        000000
__HcstackCOMRAM             cstackCOMRAM 000000
__Hdata                     data         000000
__Heeprom_data              eeprom_data  000000
__Hfarbss                   farbss       000000
__Hfardata                  fardata      000000
__Hibigdata                 ibigdata     000000
__Hidata                    idata        000000
__Hidloc                    idloc        200008
__Hifardata                 ifardata     000000
__Hinit                     init         000004
__Hintcode                  intcode      000000
__Hintcode_body             intcode_body 000000
__Hintcodelo                intcodelo    000000
__Hintentry                 intentry     000000
__Hintret                   intret       000000
__Hintsave_regs             intsave_regs 000000
__Hirdata                   irdata       000000
__Hmediumconst              mediumconst  000000
__HnvFARRAM                 nvFARRAM     000000
__Hnvbit                    nvbit        000000
__Hnvrram                   nvrram       000000
__Hparam                    rparam       000000
__Hpowerup                  powerup      000000
__Hram                      ram          000000
__Hramtop                   ramtop       001000
__Hrbit                     rbit         000000
__Hrbss                     rbss         000000
__Hrdata                    rdata        000000
__Hreset_vec                reset_vec    000000
__Hrparam                   rparam       000000
__Hsfr                      sfr          000000
__Hsmallconst               smallconst   001032
__Hspace_0                  (abs)        30000E
__Hspace_1                  (abs)        000F80
__Hspace_2                  (abs)        000000
__Hstack                    stack        000000
__Hstruct                   struct       000000
__Htemp                     temp         000000
__Htext                     text         000000
__Htext0                    text0        000000
__Htext1                    text1        000000
__Htext10                   text10       000000
__Htext11                   text11       000000
__Htext12                   text12       000000
__Htext2                    text2        000000
__Htext3                    text3        000000
__Htext4                    text4        000000
__Htext5                    text5        000000
__Htext6                    text6        000000
__Htext7                    text7        000000
__Htext8                    text8        000000
__Htext9                    text9        000000
__LRAM                      (abs)        000001
__Labs1                     abs1         000000
__Lbank0                    bank0        000000
__Lbank1                    bank1        000000
__Lbank10                   bank10       000000
__Lbank11                   bank11       000000
__Lbank12                   bank12       000000
__Lbank13                   bank13       000000
__Lbank14                   bank14       000000
__Lbank15                   bank15       000000
__Lbank2                    bank2        000000
__Lbank3                    bank3        000000
__Lbank4                    bank4        000000
__Lbank5                    bank5        000000
__Lbank6                    bank6        000000
__Lbank7                    bank7        000000
__Lbank8                    bank8        000000
__Lbank9                    bank9        000000
__Lbigbss                   bigbss       000000
__Lbigdata                  bigdata      000000
__Lbigram                   bigram       000000
__LbitbssCOMRAM             bitbssCOMRAM 000000
__Lbss                      bss          000000
__LbssBIGRAM                bssBIGRAM    000000
__LbssCOMRAM                bssCOMRAM    000000
__Lcinit                    cinit        000000
__Lclrtext                  clrtext      000000
__Lcomram                   comram       000000
__Lconfig                   config       300000
__Lconst                    const        000000
__LcstackCOMRAM             cstackCOMRAM 000000
__Ldata                     data         000000
__Leeprom_data              eeprom_data  000000
__Lfarbss                   farbss       000000
__Lfardata                  fardata      000000
__Libigdata                 ibigdata     000000
__Lidata                    idata        000000
__Lidloc                    idloc        200000
__Lifardata                 ifardata     000000
__Linit                     init         000000
__Lintcode                  intcode      000000
__Lintcode_body             intcode_body 000000
__Lintcodelo                intcodelo    000000
__Lintentry                 intentry     000000
__Lintret                   intret       000000
__Lintsave_regs             intsave_regs 000000
__Lirdata                   irdata       000000
__Lmediumconst              mediumconst  000000
__LnvFARRAM                 nvFARRAM     000000
__Lnvbit                    nvbit        000000
__Lnvrram                   nvrram       000000
__Lparam                    rparam       000000
__Lpowerup                  powerup      000000
__Lram                      ram          000000
__Lramtop                   ramtop       001000
__Lrbit                     rbit         000000
__Lrbss                     rbss         000000
__Lrdata                    rdata        000000
__Lreset_vec                reset_vec    000000
__Lrparam                   rparam       000000
__Lsfr                      sfr          000000
__Lsmallconst               smallconst   001000
__Lspace_0                  (abs)        000000
__Lspace_1                  (abs)        000000
__Lspace_2                  (abs)        000000
__Lstack                    stack        000000
__Lstruct                   struct       000000
__Ltemp                     temp         000000
__Ltext                     text         000000
__Ltext0                    text0        000000
__Ltext1                    text1        000000
__Ltext10                   text10       000000
__Ltext11                   text11       000000
__Ltext12                   text12       000000
__Ltext2                    text2        000000
__Ltext3                    text3        000000
__Ltext4                    text4        000000
__Ltext5                    text5        000000
__Ltext6                    text6        000000
__Ltext7                    text7        000000
__Ltext8                    text8        000000
__Ltext9                    text9        000000
__S0                        (abs)        30000E
__S1                        (abs)        000F80
__S2                        (abs)        000000
___aldiv                    text10       0016D2
___aldiv@counter            cstackCOMRAM 000009
___aldiv@dividend           cstackCOMRAM 000001
___aldiv@divisor            cstackCOMRAM 000005
___aldiv@quotient           cstackCOMRAM 00000B
___aldiv@sign               cstackCOMRAM 00000A
___inthi_sp                 stack        000000
___intlo_sp                 stack        000000
___lwdiv                    text5        001A0A
___lwdiv@counter            cstackCOMRAM 000007
___lwdiv@dividend           cstackCOMRAM 000001
___lwdiv@divisor            cstackCOMRAM 000003
___lwdiv@quotient           cstackCOMRAM 000005
___lwmod                    text4        001AA8
___lwmod@counter            cstackCOMRAM 00000C
___lwmod@dividend           cstackCOMRAM 000008
___lwmod@divisor            cstackCOMRAM 00000A
___param_bank               (abs)        000000
___rparam_used              (abs)        000001
___sp                       stack        000000
__accesstop                 (abs)        000080
__activetblptr              (abs)        000002
__end_of___aldiv            text10       00179E
__end_of___lwdiv            text5        001A5C
__end_of___lwmod            text4        001AEA
__end_of__initialization    cinit        001B0C
__end_of_dpowers            smallconst   00100B
__end_of_inicializa_RS232   text9        0016D2
__end_of_main               text0        001858
__end_of_mcpGetGanho        text8        001B26
__end_of_mcpInitSPI         text7        001994
__end_of_mcpRcv             text12       0014A0
__end_of_mcpRead            text11       001A0A
__end_of_mcpSetGain         text6        001AA8
__end_of_printf             text2        0015EA
__end_of_putch              text3        001B22
__end_of_setup              text1        0018FE
__initialization            cinit        001AEA
__mediumconst               mediumconst  000000
__pbitbssCOMRAM             bitbssCOMRAM 000130
__pbssBIGRAM                bssBIGRAM    000B98
__pbssCOMRAM                bssCOMRAM    00001F
__pcinit                    cinit        001AEA
__pcstackCOMRAM             cstackCOMRAM 000001
__psmallconst               smallconst   001000
__ptext0                    text0        00179E
__ptext1                    text1        001858
__ptext10                   text10       0016D2
__ptext11                   text11       001994
__ptext12                   text12       001032
__ptext2                    text2        0014A0
__ptext3                    text3        001B16
__ptext4                    text4        001AA8
__ptext5                    text5        001A0A
__ptext6                    text6        001A5C
__ptext7                    text7        0018FE
__ptext8                    text8        001B22
__ptext9                    text9        0015EA
__ramtop                    ramtop       001000
__size_of___aldiv           (abs)        000000
__size_of___lwdiv           (abs)        000000
__size_of___lwmod           (abs)        000000
__size_of_inicializa_RS232  (abs)        000000
__size_of_main              (abs)        000000
__size_of_mcpGetGanho       (abs)        000000
__size_of_mcpInitSPI        (abs)        000000
__size_of_mcpRcv            (abs)        000000
__size_of_mcpRead           (abs)        000000
__size_of_mcpSetGain        (abs)        000000
__size_of_printf            (abs)        000000
__size_of_putch             (abs)        000000
__size_of_setup             (abs)        000000
__smallconst                smallconst   001000
_auxInt                     bssCOMRAM    000023
_dpowers                    smallconst   001001
_inicializa_RS232           text9        0015EA
_inicializa_RS232$943       cstackCOMRAM 000017
_main                       text0        00179E
_mcpGetGanho                text8        001B22
_mcpInitSPI                 text7        0018FE
_mcpRcv                     text12       001032
_mcpRead                    text11       001994
_mcpSetGain                 text6        001A5C
_mcp_ch0                    bssCOMRAM    000021
_mcp_ch1                    bssCOMRAM    00001F
_mcp_ganho                  bssCOMRAM    000025
_printf                     text2        0014A0
_putch                      text3        001B16
_setup                      text1        001858
_valor_ch0                  bssBIGRAM    000D8C
_valor_ch1                  bssBIGRAM    000B98
end_of_initialization       cinit        001B0C
inicializa_RS232@modo       cstackCOMRAM 000013
inicializa_RS232@valor      cstackCOMRAM 000015
inicializa_RS232@velocidade cstackCOMRAM 00000F
intlevel0                   text         000000
intlevel1                   text         000000
intlevel2                   text         000000
intlevel3                   text         000000
mcpInitSPI@modo             cstackCOMRAM 000001
mcpRead@array_ch0           cstackCOMRAM 000002
mcpRead@array_ch1           cstackCOMRAM 000004
mcpRead@contAmostra         cstackCOMRAM 000008
mcpRead@f_sample            bitbssCOMRAM 000130
mcpRead@qntAmostras         cstackCOMRAM 000006
mcpSetGain@ganho            cstackCOMRAM 000001
printf@ap                   cstackCOMRAM 000015
printf@c                    cstackCOMRAM 00001A
printf@f                    cstackCOMRAM 00000D
printf@flag                 cstackCOMRAM 000017
printf@prec                 cstackCOMRAM 000014
printf@val                  cstackCOMRAM 000018
putch@data                  cstackCOMRAM 000001
stackhi                     (abs)        000B97
stacklo                     (abs)        000080
start                       init         000000
start_initialization        cinit        001AEA


FUNCTION INFORMATION:

 *************** function _main *****************
 Defined at:
		line 59 in file "main.c"
 Parameters:    Size  Location     Type
		None
 Auto vars:     Size  Location     Type
		None
 Return value:  Size  Location     Type
                  1    wreg      void 
 Registers used:
		wreg, fsr2l, fsr2h, status,2, status,0, tblptrl, tblptrh, tblptru, prodl, prodh, cstack
 Tracked objects:
		On entry : 
		On exit  : 
		Unchanged: 
 Data sizes:     COMRAM   BANK0   BANK1   BANK2   BANK3   BANK4   BANK5   BANK6   BANK7   BANK8   BANK9  BANK10  BANK11  BANK12  BANK13  BANK14  BANK15
      Params:         0       0       0       0       0       0       0       0       0       0       0       0       0       0       0       0       0
      Locals:         0       0       0       0       0       0       0       0       0       0       0       0       0       0       0       0       0
      Temps:          2       0       0       0       0       0       0       0       0       0       0       0       0       0       0       0       0
      Totals:         2       0       0       0       0       0       0       0       0       0       0       0       0       0       0       0       0
Total ram usage:        2 bytes
 Hardware stack levels required when called:    3
 This function calls:
		_mcpRead
		_printf
		_setup
 This function is called by:
		Startup code after reset
 This function uses a non-reentrant model


 *************** function _setup *****************
 Defined at:
		line 24 in file "main.c"
 Parameters:    Size  Location     Type
		None
 Auto vars:     Size  Location     Type
		None
 Return value:  Size  Location     Type
                  1    wreg      void 
 Registers used:
		wreg, fsr2l, fsr2h, status,2, status,0, tblptrl, tblptrh, tblptru, prodl, prodh, cstack
 Tracked objects:
		On entry : 
		On exit  : 
		Unchanged: 
 Data sizes:     COMRAM   BANK0   BANK1   BANK2   BANK3   BANK4   BANK5   BANK6   BANK7   BANK8   BANK9  BANK10  BANK11  BANK12  BANK13  BANK14  BANK15
      Params:         0       0       0       0       0       0       0       0       0       0       0       0       0       0       0       0       0
      Locals:         0       0       0       0       0       0       0       0       0       0       0       0       0       0       0       0       0
      Temps:          2       0       0       0       0       0       0       0       0       0       0       0       0       0       0       0       0
      Totals:         2       0       0       0       0       0       0       0       0       0       0       0       0       0       0       0       0
Total ram usage:        2 bytes
 Hardware stack levels used:    1
 Hardware stack levels required when called:    2
 This function calls:
		_inicializa_RS232
		_mcpGetGanho
		_mcpInitSPI
		_mcpSetGain
		_printf
 This function is called by:
		_main
 This function uses a non-reentrant model


 *************** function _printf *****************
 Defined at:
		line 464 in file "C:\Program Files (x86)\Microchip\xc8\v1.45\sources\common\doprnt.c"
 Parameters:    Size  Location     Type
  f               2   12[COMRAM] PTR const unsigned char 
		 -> STR_4(10), STR_3(3), STR_2(16), STR_1(12), 
 Auto vars:     Size  Location     Type
  tmpval          4    0        struct .
  cp              3    0        PTR const unsigned char 
  val             2   23[COMRAM] unsigned int 
  ap              2   20[COMRAM] PTR void [1]
		 -> ?_printf(2), 
  len             2    0        unsigned int 
  c               1   25[COMRAM] char 
  flag            1   22[COMRAM] unsigned char 
  prec            1   19[COMRAM] char 
 Return value:  Size  Location     Type
                  2   12[COMRAM] int 
 Registers used:
		wreg, fsr2l, fsr2h, status,2, status,0, tblptrl, tblptrh, tblptru, prodl, prodh, cstack
 Tracked objects:
		On entry : 
		On exit  : 
		Unchanged: 
 Data sizes:     COMRAM   BANK0   BANK1   BANK2   BANK3   BANK4   BANK5   BANK6   BANK7   BANK8   BANK9  BANK10  BANK11  BANK12  BANK13  BANK14  BANK15
      Params:         6       0       0       0       0       0       0       0       0       0       0       0       0       0       0       0       0
      Locals:         7       0       0       0       0       0       0       0       0       0       0       0       0       0       0       0       0
      Temps:          1       0       0       0       0       0       0       0       0       0       0       0       0       0       0       0       0
      Totals:        14       0       0       0       0       0       0       0       0       0       0       0       0       0       0       0       0
Total ram usage:       14 bytes
 Hardware stack levels used:    1
 Hardware stack levels required when called:    1
 This function calls:
		___lwdiv
		___lwmod
		_putch
 This function is called by:
		_setup
		_main
 This function uses a non-reentrant model


 *************** function _putch *****************
 Defined at:
		line 18 in file "serial.h"
 Parameters:    Size  Location     Type
  data            1    wreg     unsigned char 
 Auto vars:     Size  Location     Type
  data            1    0[COMRAM] unsigned char 
 Return value:  Size  Location     Type
                  1    wreg      void 
 Registers used:
		wreg
 Tracked objects:
		On entry : 
		On exit  : 
		Unchanged: 
 Data sizes:     COMRAM   BANK0   BANK1   BANK2   BANK3   BANK4   BANK5   BANK6   BANK7   BANK8   BANK9  BANK10  BANK11  BANK12  BANK13  BANK14  BANK15
      Params:         0       0       0       0       0       0       0       0       0       0       0       0       0       0       0       0       0
      Locals:         1       0       0       0       0       0       0       0       0       0       0       0       0       0       0       0       0
      Temps:          0       0       0       0       0       0       0       0       0       0       0       0       0       0       0       0       0
      Totals:         1       0       0       0       0       0       0       0       0       0       0       0       0       0       0       0       0
Total ram usage:        1 bytes
 Hardware stack levels used:    1
 This function calls:
		Nothing
 This function is called by:
		_printf
 This function uses a non-reentrant model


 *************** function ___lwmod *****************
 Defined at:
		line 8 in file "C:\Program Files (x86)\Microchip\xc8\v1.45\sources\common\lwmod.c"
 Parameters:    Size  Location     Type
  dividend        2    7[COMRAM] unsigned int 
  divisor         2    9[COMRAM] unsigned int 
 Auto vars:     Size  Location     Type
  counter         1   11[COMRAM] unsigned char 
 Return value:  Size  Location     Type
                  2    7[COMRAM] unsigned int 
 Registers used:
		wreg, status,2, status,0
 Tracked objects:
		On entry : 
		On exit  : 
		Unchanged: 
 Data sizes:     COMRAM   BANK0   BANK1   BANK2   BANK3   BANK4   BANK5   BANK6   BANK7   BANK8   BANK9  BANK10  BANK11  BANK12  BANK13  BANK14  BANK15
      Params:         4       0       0       0       0       0       0       0       0       0       0       0       0       0       0       0       0
      Locals:         1       0       0       0       0       0       0       0       0       0       0       0       0       0       0       0       0
      Temps:          0       0       0       0       0       0       0       0       0       0       0       0       0       0       0       0       0
      Totals:         5       0       0       0       0       0       0       0       0       0       0       0       0       0       0       0       0
Total ram usage:        5 bytes
 Hardware stack levels used:    1
 This function calls:
		Nothing
 This function is called by:
		_printf
 This function uses a non-reentrant model


 *************** function ___lwdiv *****************
 Defined at:
		line 8 in file "C:\Program Files (x86)\Microchip\xc8\v1.45\sources\common\lwdiv.c"
 Parameters:    Size  Location     Type
  dividend        2    0[COMRAM] unsigned int 
  divisor         2    2[COMRAM] unsigned int 
 Auto vars:     Size  Location     Type
  quotient        2    4[COMRAM] unsigned int 
  counter         1    6[COMRAM] unsigned char 
 Return value:  Size  Location     Type
                  2    0[COMRAM] unsigned int 
 Registers used:
		wreg, status,2, status,0
 Tracked objects:
		On entry : 
		On exit  : 
		Unchanged: 
 Data sizes:     COMRAM   BANK0   BANK1   BANK2   BANK3   BANK4   BANK5   BANK6   BANK7   BANK8   BANK9  BANK10  BANK11  BANK12  BANK13  BANK14  BANK15
      Params:         4       0       0       0       0       0       0       0       0       0       0       0       0       0       0       0       0
      Locals:         3       0       0       0       0       0       0       0       0       0       0       0       0       0       0       0       0
      Temps:          0       0       0       0       0       0       0       0       0       0       0       0       0       0       0       0       0
      Totals:         7       0       0       0       0       0       0       0       0       0       0       0       0       0       0       0       0
Total ram usage:        7 bytes
 Hardware stack levels used:    1
 This function calls:
		Nothing
 This function is called by:
		_printf
 This function uses a non-reentrant model


 *************** function _mcpSetGain *****************
 Defined at:
		line 68 in file "mcp3909.h"
 Parameters:    Size  Location     Type
  ganho           1    wreg     unsigned char 
 Auto vars:     Size  Location     Type
  ganho           1    0[COMRAM] unsigned char 
 Return value:  Size  Location     Type
                  1    wreg      void 
 Registers used:
		wreg, status,2, status,0
 Tracked objects:
		On entry : 
		On exit  : 
		Unchanged: 
 Data sizes:     COMRAM   BANK0   BANK1   BANK2   BANK3   BANK4   BANK5   BANK6   BANK7   BANK8   BANK9  BANK10  BANK11  BANK12  BANK13  BANK14  BANK15
      Params:         0       0       0       0       0       0       0       0       0       0       0       0       0       0       0       0       0
      Locals:         1       0       0       0       0       0       0       0       0       0       0       0       0       0       0       0       0
      Temps:          0       0       0       0       0       0       0       0       0       0       0       0       0       0       0       0       0
      Totals:         1       0       0       0       0       0       0       0       0       0       0       0       0       0       0       0       0
Total ram usage:        1 bytes
 Hardware stack levels used:    1
 This function calls:
		Nothing
 This function is called by:
		_setup
 This function uses a non-reentrant model


 *************** function _mcpInitSPI *****************
 Defined at:
		line 115 in file "mcp3909.h"
 Parameters:    Size  Location     Type
  modo            1    wreg     unsigned char 
 Auto vars:     Size  Location     Type
  modo            1    0[COMRAM] unsigned char 
 Return value:  Size  Location     Type
                  1    wreg      void 
 Registers used:
		wreg, status,2, status,0
 Tracked objects:
		On entry : 
		On exit  : 
		Unchanged: 
 Data sizes:     COMRAM   BANK0   BANK1   BANK2   BANK3   BANK4   BANK5   BANK6   BANK7   BANK8   BANK9  BANK10  BANK11  BANK12  BANK13  BANK14  BANK15
      Params:         0       0       0       0       0       0       0       0       0       0       0       0       0       0       0       0       0
      Locals:         1       0       0       0       0       0       0       0       0       0       0       0       0       0       0       0       0
      Temps:          0       0       0       0       0       0       0       0       0       0       0       0       0       0       0       0       0
      Totals:         1       0       0       0       0       0       0       0       0       0       0       0       0       0       0       0       0
Total ram usage:        1 bytes
 Hardware stack levels used:    1
 This function calls:
		Nothing
 This function is called by:
		_setup
 This function uses a non-reentrant model


 *************** function _mcpGetGanho *****************
 Defined at:
		line 102 in file "mcp3909.h"
 Parameters:    Size  Location     Type
		None
 Auto vars:     Size  Location     Type
		None
 Return value:  Size  Location     Type
                  1    wreg      unsigned char 
 Registers used:
		wreg, status,2
 Tracked objects:
		On entry : 
		On exit  : 
		Unchanged: 
 Data sizes:     COMRAM   BANK0   BANK1   BANK2   BANK3   BANK4   BANK5   BANK6   BANK7   BANK8   BANK9  BANK10  BANK11  BANK12  BANK13  BANK14  BANK15
      Params:         0       0       0       0       0       0       0       0       0       0       0       0       0       0       0       0       0
      Locals:         0       0       0       0       0       0       0       0       0       0       0       0       0       0       0       0       0
      Temps:          0       0       0       0       0       0       0       0       0       0       0       0       0       0       0       0       0
      Totals:         0       0       0       0       0       0       0       0       0       0       0       0       0       0       0       0       0
Total ram usage:        0 bytes
 Hardware stack levels used:    1
 This function calls:
		Nothing
 This function is called by:
		_setup
 This function uses a non-reentrant model


 *************** function _inicializa_RS232 *****************
 Defined at:
		line 25 in file "serial.h"
 Parameters:    Size  Location     Type
  velocidade      4   14[COMRAM] long 
  modo            2   18[COMRAM] int 
 Auto vars:     Size  Location     Type
  valor           2   20[COMRAM] unsigned int 
 Return value:  Size  Location     Type
                  1    wreg      void 
 Registers used:
		wreg, status,2, status,0, cstack
 Tracked objects:
		On entry : 
		On exit  : 
		Unchanged: 
 Data sizes:     COMRAM   BANK0   BANK1   BANK2   BANK3   BANK4   BANK5   BANK6   BANK7   BANK8   BANK9  BANK10  BANK11  BANK12  BANK13  BANK14  BANK15
      Params:         6       0       0       0       0       0       0       0       0       0       0       0       0       0       0       0       0
      Locals:         6       0       0       0       0       0       0       0       0       0       0       0       0       0       0       0       0
      Temps:          0       0       0       0       0       0       0       0       0       0       0       0       0       0       0       0       0
      Totals:        12       0       0       0       0       0       0       0       0       0       0       0       0       0       0       0       0
Total ram usage:       12 bytes
 Hardware stack levels used:    1
 Hardware stack levels required when called:    1
 This function calls:
		___aldiv
 This function is called by:
		_setup
 This function uses a non-reentrant model


 *************** function ___aldiv *****************
 Defined at:
		line 8 in file "C:\Program Files (x86)\Microchip\xc8\v1.45\sources\common\aldiv.c"
 Parameters:    Size  Location     Type
  dividend        4    0[COMRAM] long 
  divisor         4    4[COMRAM] long 
 Auto vars:     Size  Location     Type
  quotient        4   10[COMRAM] long 
  sign            1    9[COMRAM] unsigned char 
  counter         1    8[COMRAM] unsigned char 
 Return value:  Size  Location     Type
                  4    0[COMRAM] long 
 Registers used:
		wreg, status,2, status,0
 Tracked objects:
		On entry : 
		On exit  : 
		Unchanged: 
 Data sizes:     COMRAM   BANK0   BANK1   BANK2   BANK3   BANK4   BANK5   BANK6   BANK7   BANK8   BANK9  BANK10  BANK11  BANK12  BANK13  BANK14  BANK15
      Params:         8       0       0       0       0       0       0       0       0       0       0       0       0       0       0       0       0
      Locals:         6       0       0       0       0       0       0       0       0       0       0       0       0       0       0       0       0
      Temps:          0       0       0       0       0       0       0       0       0       0       0       0       0       0       0       0       0
      Totals:        14       0       0       0       0       0       0       0       0       0       0       0       0       0       0       0       0
Total ram usage:       14 bytes
 Hardware stack levels used:    1
 This function calls:
		Nothing
 This function is called by:
		_inicializa_RS232
 This function uses a non-reentrant model


 *************** function _mcpRead *****************
 Defined at:
		line 439 in file "mcp3909.h"
 Parameters:    Size  Location     Type
  array_ch0       2    1[COMRAM] PTR int 
		 -> valor_ch0(500), 
  array_ch1       2    3[COMRAM] PTR int 
		 -> valor_ch1(500), 
  qntAmostras     2    5[COMRAM] unsigned int 
 Auto vars:     Size  Location     Type
  contAmostra     2    7[COMRAM] unsigned int 
 Return value:  Size  Location     Type
                  1    wreg      void 
 Registers used:
		wreg, fsr2l, fsr2h, status,2, status,0, cstack
 Tracked objects:
		On entry : 
		On exit  : 
		Unchanged: 
 Data sizes:     COMRAM   BANK0   BANK1   BANK2   BANK3   BANK4   BANK5   BANK6   BANK7   BANK8   BANK9  BANK10  BANK11  BANK12  BANK13  BANK14  BANK15
      Params:         6       0       0       0       0       0       0       0       0       0       0       0       0       0       0       0       0
      Locals:         2       0       0       0       0       0       0       0       0       0       0       0       0       0       0       0       0
      Temps:          0       0       0       0       0       0       0       0       0       0       0       0       0       0       0       0       0
      Totals:         8       0       0       0       0       0       0       0       0       0       0       0       0       0       0       0       0
Total ram usage:        8 bytes
 Hardware stack levels used:    1
 Hardware stack levels required when called:    1
 This function calls:
		_mcpRcv
 This function is called by:
		_main
 This function uses a non-reentrant model


 *************** function _mcpRcv *****************
 Defined at:
		line 234 in file "mcp3909.h"
 Parameters:    Size  Location     Type
		None
 Auto vars:     Size  Location     Type
		None
 Return value:  Size  Location     Type
                  1    wreg      void 
 Registers used:
		wreg, status,2, status,0
 Tracked objects:
		On entry : 
		On exit  : 
		Unchanged: 
 Data sizes:     COMRAM   BANK0   BANK1   BANK2   BANK3   BANK4   BANK5   BANK6   BANK7   BANK8   BANK9  BANK10  BANK11  BANK12  BANK13  BANK14  BANK15
      Params:         0       0       0       0       0       0       0       0       0       0       0       0       0       0       0       0       0
      Locals:         0       0       0       0       0       0       0       0       0       0       0       0       0       0       0       0       0
      Temps:          1       0       0       0       0       0       0       0       0       0       0       0       0       0       0       0       0
      Totals:         1       0       0       0       0       0       0       0       0       0       0       0       0       0       0       0       0
Total ram usage:        1 bytes
 Hardware stack levels used:    1
 This function calls:
		Nothing
 This function is called by:
		_mcpRead
 This function uses a non-reentrant model



MODULE INFORMATION

Module		Function		Class		Link	Load	Size
serial.h
		_putch         		CODE           	1B16	0000	13
		_inicializa_RS232		CODE           	15EA	0000	233

serial.h estimated size: 246

C:\Program Files (x86)\Microchip\xc8\v1.45\sources\common\doprnt.c
		_printf        		CODE           	14A0	0000	331

C:\Program Files (x86)\Microchip\xc8\v1.45\sources\common\doprnt.c estimated size: 331

C:\Program Files (x86)\Microchip\xc8\v1.45\sources\common\lwmod.c
		___lwmod       		CODE           	1AA8	0000	67

C:\Program Files (x86)\Microchip\xc8\v1.45\sources\common\lwmod.c estimated size: 67

mcp3909.h
		_mcpInitSPI    		CODE           	18FE	0000	151
		_mcpGetGanho   		CODE           	1B22	0000	5
		_mcpSetGain    		CODE           	1A5C	0000	77
		_mcpRead       		CODE           	1994	0000	119
		_mcpRcv        		CODE           	1032	0000	1135

mcp3909.h estimated size: 1487

shared
		_dpowers       		SMALLCONST     	1001	0000	11
		__initialization		CODE           	1AEA	0000	35

shared estimated size: 46

C:\Program Files (x86)\Microchip\xc8\v1.45\sources\common\lwdiv.c
		___lwdiv       		CODE           	1A0A	0000	83

C:\Program Files (x86)\Microchip\xc8\v1.45\sources\common\lwdiv.c estimated size: 83

C:\Program Files (x86)\Microchip\xc8\v1.45\sources\common\aldiv.c
		___aldiv       		CODE           	16D2	0000	205

C:\Program Files (x86)\Microchip\xc8\v1.45\sources\common\aldiv.c estimated size: 205

main.c
		_main          		CODE           	179E	0000	187
		_setup         		CODE           	1858	0000	167

main.c estimated size: 354

